
> gym-management-backend@1.0.0 test
> vitest run

node.exe : [33mThe CJS build of Vite's Node API is deprecated. See 
https://vite.dev/guide/troubleshooting.html#vite-cjs-node-api-deprecated for 
more details.[39m
At line:1 char:1
+ & "C:\Program Files\nodejs/node.exe" "C:\Users\VivekShukla\AppData\Ro ...
+ ~~~~~~~~~~~~~~~~~~~~~~~~~~~~~~~~~~~~~~~~~~~~~~~~~~~~~~~~~~~~~~~~~~~~~
    + CategoryInfo          : NotSpecified: ([33mThe CJS bu...e details.[39m 
   :String) [], RemoteException
    + FullyQualifiedErrorId : NativeCommandError
 

[7m[1m[36m RUN [39m[22m[27m [36mv1.6.1[39m [90mC:/Users/VivekShukla/Workspace/personal_projects/backend[39m

 [32mΓ£ô[39m src/scheduler/daily-scheduler.test.ts [2m ([22m[2m14 tests[22m[2m)[22m[90m 116[2mms[22m[39m
 [32mΓ£ô[39m src/services/membership.service.property.test.ts [2m ([22m[2m7 tests[22m[2m)[22m[33m 321[2mms[22m[39m
 [32mΓ£ô[39m src/services/member.service.test.ts [2m ([22m[2m19 tests[22m[2m)[22m[90m 168[2mms[22m[39m
 [32mΓ£ô[39m src/services/membership.service.test.ts [2m ([22m[2m23 tests[22m[2m)[22m[90m 210[2mms[22m[39m
 [32mΓ£ô[39m src/services/member.service.property.test.ts [2m ([22m[2m11 tests[22m[2m)[22m[33m 1186[2mms[22m[39m
npm error Lifecycle script `test` failed with error:
npm error code 3221225477
npm error path C:\Users\VivekShukla\Workspace\personal_projects\backend
npm error workspace gym-management-backend@1.0.0
npm error location C:\Users\VivekShukla\Workspace\personal_projects\backend
npm error command failed
npm error command C:\WINDOWS\system32\cmd.exe /d /s /c vitest run
